[ezek.io/index.html]
[backblue.gif]
[fade.gif]
[index.html]
[ezek.io/favicon-32x3211a9.png]
[ezek.io/manifest.webmanifest]
[ezek.io/icons/icon-48x4811a9.png]
[ezek.io/icons/icon-72x7211a9.png]
[ezek.io/icons/icon-96x9611a9.png]
[ezek.io/icons/icon-144x14411a9.png]
[ezek.io/icons/icon-192x19211a9.png]
[ezek.io/icons/icon-256x25611a9.png]
[ezek.io/icons/icon-384x38411a9.png]
[ezek.io/icons/icon-512x51211a9.png]
[ezek.io/webpack-runtime-7697da7b28c7f7ef81e5.js]
[ezek.io/framework-fe5ba7225feb2ac45da3.js]
[ezek.io/app-304a1ebb95c3755d9805.js]
[ezek.io/ba947a1fa56623970e51203ea999ca039457f86f-6392dd2f78799d742633.js]
[ezek.io/81170e9cf6f34c27388e9b419580c87a4a149236-138e2a87b846b8eb515f.js]
[ezek.io/component---src-pages-homepage-index-tsx-a6d45ba519326b81515f.js]
[ezek.io/page-data/index/page-data.json]
[ezek.io/page-data/sq/d/63159454.json]
[ezek.io/page-data/app-data.json]
[ezek.io/cdn-cgi/bm/cv/669835187/api.js]
[ezek.io/products.html]
[ezek.io/buy.html]
[ezek.io/about.html]
[ezek.io/static/phanta-5c2ead1b2f692f62608121e219ccdf95.png]
[ezek.io/static/matrixLogo-7e8480b18e74cd1a9042feaccb311ffc.png]
[ezek.io/static/9ffea117aa714f08ae618873399ff81f/e8928/logo.png]
[ezek.io/index.html]
[ezek.io/polyfill-c6b64a8c9fc21cd1250d.js]
[ezek.io/component---src-pages-all-productions-index-tsx-efe686dec792c2c1dae1.js]
[ezek.io/products.html]
[ezek.io/page-data/products/page-data.json]
[ezek.io/products/index.html]
[ezek.io/474cdeaf037f267fa9ec7e08a867029d6e0074cf-fb40a844de6266a94ada.js]
[ezek.io/component---src-pages-buy-index-tsx-e6902aab68de79c9f3ee.js]
[ezek.io/page-data/buy/page-data.json]
[ezek.io/static/bear-9221d75dd46f0511b0af9d43548a5da5.png]
[ezek.io/static/taping-bda1991283421be4bafec8cc2518fb35.png]
[ezek.io/static/contentBk-6bb669f15a5ff7437537e6481af9b19e.png]
[ezek.io/static/cap-d1aa84be6aa0b6f598e5bb6e36eaa597.png]
[ezek.io/buy/index.html]
[ezek.io/static/headerWaistPack-c9d7832172ee6679eedb8930f0ab54ca.png]
[ezek.io/static/star-29343e34cfef8ad4ac3c7a2fcebedc06.png]
[d1kjtx52rxv2sn.cloudfront.net/website/images/buy_get/SET_07.jpg]
[d1kjtx52rxv2sn.cloudfront.net/website/images/buy_get/SET_08.jpg]
[d1kjtx52rxv2sn.cloudfront.net/website/images/buy_get/SET_09.jpg]
[d1kjtx52rxv2sn.cloudfront.net/website/images/buy_get/SET_10.jpg]
[d1kjtx52rxv2sn.cloudfront.net/website/images/buy_get/SET_01.jpg]
[d1kjtx52rxv2sn.cloudfront.net/website/images/buy_get/SET_02.jpg]
[d1kjtx52rxv2sn.cloudfront.net/website/images/buy_get/SET_03.jpg]
[d1kjtx52rxv2sn.cloudfront.net/website/images/buy_get/SET_04.jpg]
[d1kjtx52rxv2sn.cloudfront.net/website/images/buy_get/SET_05.jpg]
[d1kjtx52rxv2sn.cloudfront.net/website/images/buy_get/SET_06.jpg]
[ezek.io/static/waistPack-fa49085eb21eb8fae2cccb8530235c73.png]
[ezek.io/buy.html]
[ezek.io/component---src-pages-about-index-tsx-aca397b95314a0431796.js]
[ezek.io/page-data/about/page-data.json]
[d1kjtx52rxv2sn.cloudfront.net/website/images/about_phantabear/phantabear1.png]
[d1kjtx52rxv2sn.cloudfront.net/website/images/about_phantaci/phantaci1.jpg]
[d1kjtx52rxv2sn.cloudfront.net/website/images/about_phantabear/phantabear2.png]
[d1kjtx52rxv2sn.cloudfront.net/website/images/about_phantaci/phantaci2.jpg]
[d1kjtx52rxv2sn.cloudfront.net/website/images/about_phantabear/phantabear3.png]
[d1kjtx52rxv2sn.cloudfront.net/website/images/about_phantaci/phantaci3.jpg]
[d1kjtx52rxv2sn.cloudfront.net/website/images/about_phantabear/phantabear4.png]
[ezek.io/about/index.html]
[d1kjtx52rxv2sn.cloudfront.net/website/images/about_phantaci/phantaci4.jpg]
[d1kjtx52rxv2sn.cloudfront.net/website/images/about-shadow.png]
[ezek.io/about.html]
[ezek.io/products/index.html]
[ezek.io/buy/index.html]
[ezek.io/about/index.html]
